// Jest Snapshot v1, https://goo.gl/fbAQLP

exports[`MultiChoiceInput should render 1`] = `
<Fragment>
  <p />
  <TembaSelect
    expressions={true}
    maxitems={10}
    multi={true}
    name="Multi Choice"
    onChange={[Function]}
    placeholder="Multi Choice"
    searchable={true}
    tags={true}
    value={
      Array [
        Object {
          "name": "one",
          "value": "one",
        },
        Object {
          "name": "two",
          "value": "two",
        },
        Object {
          "name": "three",
          "value": "three",
        },
      ]
    }
  />
</Fragment>
`;
