// Jest Snapshot v1, https://goo.gl/fbAQLP

exports[`Node getLocalizations should compose a list of localizations 1`] = `
Array [
  LocalizedObject {
    "iso": "spa",
    "language": Object {
      "iso": "spa",
      "name": "Spanish",
    },
    "languages": Object {
      "eng": "English",
      "fre": "French",
      "spa": "Spanish",
    },
    "localized": true,
    "localizedKeys": Object {
      "arguments": true,
    },
    "localizedObject": Object {
      "arguments": Array [
        "rojo, r",
      ],
      "exit_uuid": "55855afc-f612-4ef9-9288-dcb1dd136052",
      "type": "has_any_word",
      "uuid": "fa0a9b24-5f19-4b8e-b287-27af5811de1d",
    },
  },
  LocalizedObject {
    "iso": "spa",
    "language": Object {
      "iso": "spa",
      "name": "Spanish",
    },
    "languages": Object {
      "eng": "English",
      "fre": "French",
      "spa": "Spanish",
    },
    "localized": true,
    "localizedKeys": Object {
      "arguments": true,
    },
    "localizedObject": Object {
      "arguments": Array [
        "naranja, n",
      ],
      "exit_uuid": "668ca2ab-8d49-47f5-82a1-e3a82a58e5fb",
      "type": "has_any_word",
      "uuid": "b5f900b9-ad13-479a-8ad3-1f1ad5ac88f2",
    },
  },
  LocalizedObject {
    "iso": "spa",
    "language": Object {
      "iso": "spa",
      "name": "Spanish",
    },
    "languages": Object {
      "eng": "English",
      "fre": "French",
      "spa": "Spanish",
    },
    "localized": true,
    "localizedKeys": Object {
      "arguments": true,
    },
    "localizedObject": Object {
      "arguments": Array [
        "amarillo, a",
      ],
      "exit_uuid": "14806949-d583-49e2-aa55-03aa16ee5a3a",
      "type": "has_any_word",
      "uuid": "e9c842e8-f1c5-4f07-97e7-50a4f93b22e5",
    },
  },
  LocalizedObject {
    "iso": "spa",
    "language": Object {
      "iso": "spa",
      "name": "Spanish",
    },
    "languages": Object {
      "eng": "English",
      "fre": "French",
      "spa": "Spanish",
    },
    "localized": false,
    "localizedKeys": Object {},
    "localizedObject": Object {
      "arguments": Array [
        "green, g",
      ],
      "exit_uuid": "77394377-f6b8-4366-9bef-d468621258ef",
      "type": "has_any_word",
      "uuid": "cc5894af-5dce-454e-a525-3d7c5c41d21d",
    },
  },
  LocalizedObject {
    "iso": "spa",
    "language": Object {
      "iso": "spa",
      "name": "Spanish",
    },
    "languages": Object {
      "eng": "English",
      "fre": "French",
      "spa": "Spanish",
    },
    "localized": false,
    "localizedKeys": Object {},
    "localizedObject": Object {
      "arguments": Array [
        "blue, b",
      ],
      "exit_uuid": "92d429d8-c275-4306-9360-93f4b9c7acb1",
      "type": "has_any_word",
      "uuid": "590d13e3-7b47-44e3-b8a0-ba9bd41d75d2",
    },
  },
  LocalizedObject {
    "iso": "spa",
    "language": Object {
      "iso": "spa",
      "name": "Spanish",
    },
    "languages": Object {
      "eng": "English",
      "fre": "French",
      "spa": "Spanish",
    },
    "localized": false,
    "localizedKeys": Object {},
    "localizedObject": Object {
      "arguments": Array [
        "indigo, i",
      ],
      "exit_uuid": "2de9af80-1bd9-4f37-839f-073edbd14369",
      "type": "has_any_word",
      "uuid": "2a7cbed1-6597-4545-b145-14a2e9282e6c",
    },
  },
  LocalizedObject {
    "iso": "spa",
    "language": Object {
      "iso": "spa",
      "name": "Spanish",
    },
    "languages": Object {
      "eng": "English",
      "fre": "French",
      "spa": "Spanish",
    },
    "localized": false,
    "localizedKeys": Object {},
    "localizedObject": Object {
      "arguments": Array [
        "violet, v",
      ],
      "exit_uuid": "5760ec2f-04d4-492b-817b-9f395633ec79",
      "type": "has_any_word",
      "uuid": "ab99e18c-433f-436e-9278-08bcf506f433",
    },
  },
  LocalizedObject {
    "iso": "spa",
    "language": Object {
      "iso": "spa",
      "name": "Spanish",
    },
    "languages": Object {
      "eng": "English",
      "fre": "French",
      "spa": "Spanish",
    },
    "localized": true,
    "localizedKeys": Object {
      "name": true,
    },
    "localizedObject": Object {
      "destination_node_uuid": "bc978e00-2f3d-41f2-87c1-26b3f14e5925",
      "name": Array [
        "rojo",
      ],
      "uuid": "55855afc-f612-4ef9-9288-dcb1dd136052",
    },
  },
  LocalizedObject {
    "iso": "spa",
    "language": Object {
      "iso": "spa",
      "name": "Spanish",
    },
    "languages": Object {
      "eng": "English",
      "fre": "French",
      "spa": "Spanish",
    },
    "localized": true,
    "localizedKeys": Object {
      "name": true,
    },
    "localizedObject": Object {
      "destination_node_uuid": "bc978e00-2f3d-41f2-87c1-26b3f14e5925",
      "name": Array [
        "naranja",
      ],
      "uuid": "668ca2ab-8d49-47f5-82a1-e3a82a58e5fb",
    },
  },
  LocalizedObject {
    "iso": "spa",
    "language": Object {
      "iso": "spa",
      "name": "Spanish",
    },
    "languages": Object {
      "eng": "English",
      "fre": "French",
      "spa": "Spanish",
    },
    "localized": true,
    "localizedKeys": Object {
      "name": true,
    },
    "localizedObject": Object {
      "destination_node_uuid": "bc978e00-2f3d-41f2-87c1-26b3f14e5925",
      "name": Array [
        "amarillo",
      ],
      "uuid": "14806949-d583-49e2-aa55-03aa16ee5a3a",
    },
  },
  LocalizedObject {
    "iso": "spa",
    "language": Object {
      "iso": "spa",
      "name": "Spanish",
    },
    "languages": Object {
      "eng": "English",
      "fre": "French",
      "spa": "Spanish",
    },
    "localized": true,
    "localizedKeys": Object {
      "name": true,
    },
    "localizedObject": Object {
      "destination_node_uuid": "bc978e00-2f3d-41f2-87c1-26b3f14e5925",
      "name": Array [
        "verde",
      ],
      "uuid": "77394377-f6b8-4366-9bef-d468621258ef",
    },
  },
  LocalizedObject {
    "iso": "spa",
    "language": Object {
      "iso": "spa",
      "name": "Spanish",
    },
    "languages": Object {
      "eng": "English",
      "fre": "French",
      "spa": "Spanish",
    },
    "localized": true,
    "localizedKeys": Object {
      "name": true,
    },
    "localizedObject": Object {
      "destination_node_uuid": "bc978e00-2f3d-41f2-87c1-26b3f14e5925",
      "name": Array [
        "azul",
      ],
      "uuid": "92d429d8-c275-4306-9360-93f4b9c7acb1",
    },
  },
  LocalizedObject {
    "iso": "spa",
    "language": Object {
      "iso": "spa",
      "name": "Spanish",
    },
    "languages": Object {
      "eng": "English",
      "fre": "French",
      "spa": "Spanish",
    },
    "localized": false,
    "localizedKeys": Object {},
    "localizedObject": Object {
      "destination_node_uuid": "bc978e00-2f3d-41f2-87c1-26b3f14e5925",
      "name": "Indigo",
      "uuid": "2de9af80-1bd9-4f37-839f-073edbd14369",
    },
  },
  LocalizedObject {
    "iso": "spa",
    "language": Object {
      "iso": "spa",
      "name": "Spanish",
    },
    "languages": Object {
      "eng": "English",
      "fre": "French",
      "spa": "Spanish",
    },
    "localized": false,
    "localizedKeys": Object {},
    "localizedObject": Object {
      "destination_node_uuid": "bc978e00-2f3d-41f2-87c1-26b3f14e5925",
      "name": "Violet",
      "uuid": "5760ec2f-04d4-492b-817b-9f395633ec79",
    },
  },
  LocalizedObject {
    "iso": "spa",
    "language": Object {
      "iso": "spa",
      "name": "Spanish",
    },
    "languages": Object {
      "eng": "English",
      "fre": "French",
      "spa": "Spanish",
    },
    "localized": false,
    "localizedKeys": Object {},
    "localizedObject": Object {
      "destination_node_uuid": "4fac7935-d13b-4b36-bf15-98075dca822a",
      "name": "Other",
      "uuid": "326a41b7-9bce-453b-8783-1113f649663c",
    },
  },
]
`;
