// Jest Snapshot v1, https://goo.gl/fbAQLP

exports[`FieldRouterForm initializes 1`] = `
<Dialog
  buttons={
    Object {
      "primary": Object {
        "name": "Ok",
        "onClick": [Function],
      },
      "secondary": Object {
        "name": "Cancel",
        "onClick": [Function],
      },
    }
  }
  headerClass="split_by_contact_field"
  title="Split by Contact Field"
>
  <TypeList
    __className=""
    initialType={
      Object {
        "description": "Split by a contact field",
        "form": [Function],
        "localization": [Function],
        "localizeableKeys": Array [
          "exits",
          "cases",
        ],
        "name": "Split by Contact Field",
        "type": "split_by_contact_field",
      }
    }
    onChange={[MockFunction]}
  />
  <div
    className="lead_in"
  >
    If the contact's
    <div
      className="field_select select-small"
    >
      <AssetSelector
        additionalOptions={
          Array [
            Object {
              "id": "language",
              "name": "Language",
              "type": "property",
            },
            Object {
              "id": "channel",
              "name": "Channel",
              "type": "property",
            },
            Object {
              "id": "tel",
              "name": "Phone Number",
              "type": "scheme",
            },
            Object {
              "id": "whatsapp",
              "name": "WhatsApp Number",
              "type": "scheme",
            },
            Object {
              "id": "facebook",
              "name": "Facebook",
              "type": "scheme",
            },
            Object {
              "id": "instagram",
              "name": "Instagram ID",
              "type": "scheme",
            },
            Object {
              "id": "twitterid",
              "name": "Twitter ID",
              "type": "scheme",
            },
            Object {
              "id": "telegram",
              "name": "Telegram ID",
              "type": "scheme",
            },
            Object {
              "id": "viber",
              "name": "Viber ID",
              "type": "scheme",
            },
            Object {
              "id": "line",
              "name": "Line ID",
              "type": "scheme",
            },
            Object {
              "id": "wechat",
              "name": "Wechat ID",
              "type": "scheme",
            },
            Object {
              "id": "fcm",
              "name": "Firebase ID",
              "type": "scheme",
            },
            Object {
              "id": "jiochat",
              "name": "Jiochat ID",
              "type": "scheme",
            },
            Object {
              "id": "freshchat",
              "name": "Freshchat ID",
              "type": "scheme",
            },
            Object {
              "id": "mailto",
              "name": "Email Address",
              "type": "scheme",
            },
            Object {
              "id": "twitter",
              "name": "Twitter Handle",
              "type": "scheme",
            },
            Object {
              "id": "vk",
              "name": "VK ID",
              "type": "scheme",
            },
            Object {
              "id": "discord",
              "name": "Discord ID",
              "type": "scheme",
            },
            Object {
              "id": "webchat",
              "name": "WebChat ID",
              "type": "scheme",
            },
            Object {
              "id": "rocketchat",
              "name": "RocketChat ID",
              "type": "scheme",
            },
            Object {
              "id": "ext",
              "name": "External ID",
              "type": "scheme",
            },
          ]
        }
        assets={
          Object {
            "items": Object {},
            "type": "field",
          }
        }
        entry={
          Object {
            "value": Object {
              "id": "name",
              "name": "Name",
              "type": "property",
            },
          }
        }
        getName={[Function]}
        name="Contact Field"
        onChange={[Function]}
        searchable={true}
        sortFunction={[Function]}
        style="small"
        valueKey="id"
      />
    </div>
  </div>
  <CaseList
    cases={
      Array [
        Object {
          "categoryName": "Red",
          "kase": Object {
            "arguments": Array [
              "red",
            ],
            "category_uuid": "763e4844-3e1b-407a-a1b5-5fdfcd308b41",
            "type": "has_any_word",
            "uuid": "061fc171-8b79-4636-b892-bd0ea5aa9b42",
          },
          "uuid": "061fc171-8b79-4636-b892-bd0ea5aa9b42",
          "valid": true,
        },
      ]
    }
    data-spec="cases"
    onCasesUpdated={[Function]}
  />
  <OptionalTextInput
    helpText={
      <Trans
        i18nKey="forms.result_name_help"
        values={
          Object {
            "resultFormat": "@results.color",
          }
        }
      >
        By naming the result, you can reference it later using [[resultFormat]]
      </Trans>
    }
    maxLength={64}
    name="Result Name"
    onChange={[Function]}
    toggleText="Save as.."
    value={
      Object {
        "value": "Color",
      }
    }
  />
</Dialog>
`;

exports[`FieldRouterForm should render 1`] = `
<Dialog
  buttons={
    Object {
      "primary": Object {
        "name": "Ok",
        "onClick": [Function],
      },
      "secondary": Object {
        "name": "Cancel",
        "onClick": [Function],
      },
    }
  }
  headerClass="split_by_contact_field"
  title="Split by Contact Field"
>
  <TypeList
    __className=""
    initialType={
      Object {
        "description": "Split by a contact field",
        "form": [Function],
        "localization": [Function],
        "localizeableKeys": Array [
          "exits",
          "cases",
        ],
        "name": "Split by Contact Field",
        "type": "split_by_contact_field",
      }
    }
    onChange={[MockFunction]}
  />
  <div
    className="lead_in"
  >
    If the contact's
    <div
      className="field_select select-small"
    >
      <AssetSelector
        additionalOptions={
          Array [
            Object {
              "id": "language",
              "name": "Language",
              "type": "property",
            },
            Object {
              "id": "channel",
              "name": "Channel",
              "type": "property",
            },
            Object {
              "id": "tel",
              "name": "Phone Number",
              "type": "scheme",
            },
            Object {
              "id": "whatsapp",
              "name": "WhatsApp Number",
              "type": "scheme",
            },
            Object {
              "id": "facebook",
              "name": "Facebook",
              "type": "scheme",
            },
            Object {
              "id": "instagram",
              "name": "Instagram ID",
              "type": "scheme",
            },
            Object {
              "id": "twitterid",
              "name": "Twitter ID",
              "type": "scheme",
            },
            Object {
              "id": "telegram",
              "name": "Telegram ID",
              "type": "scheme",
            },
            Object {
              "id": "viber",
              "name": "Viber ID",
              "type": "scheme",
            },
            Object {
              "id": "line",
              "name": "Line ID",
              "type": "scheme",
            },
            Object {
              "id": "wechat",
              "name": "Wechat ID",
              "type": "scheme",
            },
            Object {
              "id": "fcm",
              "name": "Firebase ID",
              "type": "scheme",
            },
            Object {
              "id": "jiochat",
              "name": "Jiochat ID",
              "type": "scheme",
            },
            Object {
              "id": "freshchat",
              "name": "Freshchat ID",
              "type": "scheme",
            },
            Object {
              "id": "mailto",
              "name": "Email Address",
              "type": "scheme",
            },
            Object {
              "id": "twitter",
              "name": "Twitter Handle",
              "type": "scheme",
            },
            Object {
              "id": "vk",
              "name": "VK ID",
              "type": "scheme",
            },
            Object {
              "id": "discord",
              "name": "Discord ID",
              "type": "scheme",
            },
            Object {
              "id": "webchat",
              "name": "WebChat ID",
              "type": "scheme",
            },
            Object {
              "id": "rocketchat",
              "name": "RocketChat ID",
              "type": "scheme",
            },
            Object {
              "id": "ext",
              "name": "External ID",
              "type": "scheme",
            },
          ]
        }
        assets={
          Object {
            "items": Object {},
            "type": "field",
          }
        }
        entry={
          Object {
            "value": Object {
              "id": "name",
              "name": "Name",
              "type": "property",
            },
          }
        }
        getName={[Function]}
        name="Contact Field"
        onChange={[Function]}
        searchable={true}
        sortFunction={[Function]}
        style="small"
        valueKey="id"
      />
    </div>
  </div>
  <CaseList
    cases={
      Array [
        Object {
          "categoryName": "Red",
          "kase": Object {
            "arguments": Array [
              "red",
            ],
            "category_uuid": "763e4844-3e1b-407a-a1b5-5fdfcd308b41",
            "type": "has_any_word",
            "uuid": "061fc171-8b79-4636-b892-bd0ea5aa9b42",
          },
          "uuid": "061fc171-8b79-4636-b892-bd0ea5aa9b42",
          "valid": true,
        },
      ]
    }
    data-spec="cases"
    onCasesUpdated={[Function]}
  />
  <OptionalTextInput
    helpText={
      <Trans
        i18nKey="forms.result_name_help"
        values={
          Object {
            "resultFormat": "@results.color",
          }
        }
      >
        By naming the result, you can reference it later using [[resultFormat]]
      </Trans>
    }
    maxLength={64}
    name="Result Name"
    onChange={[Function]}
    toggleText="Save as.."
    value={
      Object {
        "value": "Color",
      }
    }
  />
</Dialog>
`;

exports[`FieldRouterForm updates should build expression from a selected field 1`] = `
Array [
  Object {
    "inboundConnections": Object {},
    "node": Object {
      "actions": Array [],
      "exits": Array [
        Object {
          "uuid": "1dce2b34-9aab-4e20-81c4-3f0408dcb671",
        },
        Object {
          "uuid": "477ac8b4-25e2-483a-8686-2d1332c4da1c",
        },
      ],
      "router": Object {
        "cases": Array [
          Object {
            "arguments": Array [
              "red",
            ],
            "category_uuid": "763e4844-3e1b-407a-a1b5-5fdfcd308b41",
            "translations": undefined,
            "type": "has_any_word",
            "uuid": "061fc171-8b79-4636-b892-bd0ea5aa9b42",
          },
        ],
        "categories": Array [
          Object {
            "exit_uuid": "1dce2b34-9aab-4e20-81c4-3f0408dcb671",
            "name": "Red",
            "uuid": "763e4844-3e1b-407a-a1b5-5fdfcd308b41",
          },
          Object {
            "exit_uuid": "477ac8b4-25e2-483a-8686-2d1332c4da1c",
            "name": "Other",
            "uuid": "1e47a1e1-3c67-4df5-adf1-da542c789adb",
          },
        ],
        "default_category_uuid": "1e47a1e1-3c67-4df5-adf1-da542c789adb",
        "operand": "@fields.my_field",
        "result_name": "Color",
        "type": "switch",
      },
      "uuid": "132de855-4042-4dc1-a18f-cc2e6a8f790a",
    },
    "ui": Object {
      "config": Object {
        "cases": Object {},
        "operand": Object {
          "id": "my_field",
          "name": "My Field",
          "type": "field",
        },
      },
      "position": null,
      "type": "split_by_contact_field",
    },
  },
]
`;

exports[`FieldRouterForm updates should save changes 1`] = `
Object {
  "cases": Array [
    Object {
      "categoryName": "Red",
      "kase": Object {
        "arguments": Array [
          "red",
        ],
        "type": "has_any_word",
      },
      "valid": true,
    },
    Object {
      "categoryName": "Red",
      "kase": Object {
        "arguments": Array [
          "maroon",
        ],
        "type": "has_any_word",
      },
      "valid": true,
    },
    Object {
      "categoryName": "Green",
      "kase": Object {
        "arguments": Array [
          "green",
        ],
        "type": "has_any_word",
      },
      "valid": true,
    },
  ],
  "field": Object {
    "value": Object {
      "id": "name",
      "name": "Name",
      "type": "property",
    },
  },
  "resultName": Object {
    "validationFailures": Array [],
    "value": "Favorite Color",
  },
  "valid": true,
}
`;

exports[`FieldRouterForm updates should save changes 2`] = `
Array [
  Object {
    "inboundConnections": Object {},
    "node": Object {
      "actions": Array [],
      "exits": Array [
        Object {
          "uuid": "1dce2b34-9aab-4e20-81c4-3f0408dcb671",
        },
        Object {
          "uuid": "2dc85899-0577-4f1b-a620-f12094e34b5e",
        },
        Object {
          "uuid": "477ac8b4-25e2-483a-8686-2d1332c4da1c",
        },
      ],
      "router": Object {
        "cases": Array [
          Object {
            "arguments": Array [
              "red",
            ],
            "category_uuid": "763e4844-3e1b-407a-a1b5-5fdfcd308b41",
            "translations": undefined,
            "type": "has_any_word",
          },
          Object {
            "arguments": Array [
              "maroon",
            ],
            "category_uuid": "763e4844-3e1b-407a-a1b5-5fdfcd308b41",
            "translations": undefined,
            "type": "has_any_word",
          },
          Object {
            "arguments": Array [
              "green",
            ],
            "category_uuid": "42ebf1d0-a43e-4ba6-9577-c863b20c88c4",
            "translations": undefined,
            "type": "has_any_word",
          },
        ],
        "categories": Array [
          Object {
            "exit_uuid": "1dce2b34-9aab-4e20-81c4-3f0408dcb671",
            "name": "Red",
            "uuid": "763e4844-3e1b-407a-a1b5-5fdfcd308b41",
          },
          Object {
            "exit_uuid": "2dc85899-0577-4f1b-a620-f12094e34b5e",
            "name": "Green",
            "uuid": "42ebf1d0-a43e-4ba6-9577-c863b20c88c4",
          },
          Object {
            "exit_uuid": "477ac8b4-25e2-483a-8686-2d1332c4da1c",
            "name": "Other",
            "uuid": "1e47a1e1-3c67-4df5-adf1-da542c789adb",
          },
        ],
        "default_category_uuid": "1e47a1e1-3c67-4df5-adf1-da542c789adb",
        "operand": "@contact.name",
        "result_name": "Favorite Color",
        "type": "switch",
      },
      "uuid": "132de855-4042-4dc1-a18f-cc2e6a8f790a",
    },
    "ui": Object {
      "config": Object {
        "cases": Object {},
        "operand": Object {
          "id": "name",
          "name": "Name",
          "type": "property",
        },
      },
      "position": null,
      "type": "split_by_contact_field",
    },
  },
]
`;
