// Jest Snapshot v1, https://goo.gl/fbAQLP

exports[`CaseList render should render empty list 1`] = `
<body>
  <div>
    <div
      class="case_list_container "
      tabindex="0"
    >
      <div
        class="case_list"
      >
        <div
          class="kase case_list_case"
        >
          <div
            class="ele group"
          >
            <div
              class="kase has_only_phrase"
              data-draggable="true"
            >
              <temba-icon
                class="dnd_icon"
                data-draggable="true"
                name="sort"
              />
              <div
                class="choice"
              >
                <div
                  class="small "
                >
                  <temba-select
                    data-testid="temba_select_operator"
                    errors="[]"
                    expressions=""
                    name="operator"
                    namekey="verboseName"
                    valuekey="type"
                    values="[{\\"type\\":\\"has_only_phrase\\",\\"verboseName\\":\\"has only the phrase\\",\\"operands\\":1}]"
                  />
                </div>
              </div>
              <div
                class="single_operand"
              >
                <div
                  class="ele"
                >
                  <div
                    class="wrapper small"
                  >
                    <input
                      data-testid="arguments"
                      name="arguments"
                      placeholder=""
                      value=""
                    />
                  </div>
                </div>
              </div>
              <div
                class="categorize_as"
                data-draggable="true"
              >
                categorize as
              </div>
              <div
                class="category"
              >
                <div
                  class="ele"
                >
                  <div
                    class="wrapper small"
                  >
                    <input
                      data-testid="Exit Name"
                      name="Exit Name"
                      value=""
                    />
                  </div>
                </div>
              </div>
              <div
                class="remove_icon"
              >
                <temba-icon
                  data-testid="remove-case-477ac8b4-25e2-483a-8686-2d1332c4da1c"
                  name="delete_small"
                />
              </div>
            </div>
          </div>
        </div>
      </div>
    </div>
  </div>
  <temba-store />
</body>
`;

exports[`CaseList render should render list of cases 1`] = `
<body>
  <temba-store />
  <div>
    <div
      class="case_list_container "
      tabindex="0"
    >
      <div
        class="case_list"
      >
        <div
          class="kase case_list_case"
        >
          <div
            class="ele group"
          >
            <div
              class="kase has_any_word"
              data-draggable="true"
            >
              <temba-icon
                class="dnd_icon"
                data-draggable="true"
                name="sort"
              />
              <div
                class="choice"
              >
                <div
                  class="small "
                >
                  <temba-select
                    data-testid="temba_select_operator"
                    errors="[]"
                    expressions=""
                    name="operator"
                    namekey="verboseName"
                    valuekey="type"
                    values="[{\\"type\\":\\"has_any_word\\",\\"verboseName\\":\\"has any of the words\\",\\"operands\\":1}]"
                  />
                </div>
              </div>
              <div
                class="single_operand"
              >
                <div
                  class="ele"
                >
                  <div
                    class="wrapper small"
                  >
                    <input
                      data-testid="arguments"
                      name="arguments"
                      placeholder=""
                      value="Red, r"
                    />
                  </div>
                </div>
              </div>
              <div
                class="categorize_as"
                data-draggable="true"
              >
                categorize as
              </div>
              <div
                class="category"
              >
                <div
                  class="ele"
                >
                  <div
                    class="wrapper small"
                  >
                    <input
                      data-testid="Exit Name"
                      name="Exit Name"
                      value="Red"
                    />
                  </div>
                </div>
              </div>
              <div
                class="remove_icon"
              >
                <temba-icon
                  data-testid="remove-case-b1f332f3-bdd3-4891-aec5-1843a712dbf1"
                  name="delete_small"
                />
              </div>
            </div>
          </div>
        </div>
        <div
          class="kase case_list_case"
        >
          <div
            class="ele group"
          >
            <div
              class="kase has_any_word"
              data-draggable="true"
            >
              <temba-icon
                class="dnd_icon"
                data-draggable="true"
                name="sort"
              />
              <div
                class="choice"
              >
                <div
                  class="small "
                >
                  <temba-select
                    data-testid="temba_select_operator"
                    errors="[]"
                    expressions=""
                    name="operator"
                    namekey="verboseName"
                    valuekey="type"
                    values="[{\\"type\\":\\"has_any_word\\",\\"verboseName\\":\\"has any of the words\\",\\"operands\\":1}]"
                  />
                </div>
              </div>
              <div
                class="single_operand"
              >
                <div
                  class="ele"
                >
                  <div
                    class="wrapper small"
                  >
                    <input
                      data-testid="arguments"
                      name="arguments"
                      placeholder=""
                      value="Green, g"
                    />
                  </div>
                </div>
              </div>
              <div
                class="categorize_as"
                data-draggable="true"
              >
                categorize as
              </div>
              <div
                class="category"
              >
                <div
                  class="ele"
                >
                  <div
                    class="wrapper small"
                  >
                    <input
                      data-testid="Exit Name"
                      name="Exit Name"
                      value="Green"
                    />
                  </div>
                </div>
              </div>
              <div
                class="remove_icon"
              >
                <temba-icon
                  data-testid="remove-case-061fc171-8b79-4636-b892-bd0ea5aa9b42"
                  name="delete_small"
                />
              </div>
            </div>
          </div>
        </div>
        <div
          class="kase case_list_case"
        >
          <div
            class="ele group"
          >
            <div
              class="kase has_only_phrase"
              data-draggable="true"
            >
              <temba-icon
                class="dnd_icon"
                data-draggable="true"
                name="sort"
              />
              <div
                class="choice"
              >
                <div
                  class="small "
                >
                  <temba-select
                    data-testid="temba_select_operator"
                    errors="[]"
                    expressions=""
                    name="operator"
                    namekey="verboseName"
                    valuekey="type"
                    values="[{\\"type\\":\\"has_only_phrase\\",\\"verboseName\\":\\"has only the phrase\\",\\"operands\\":1}]"
                  />
                </div>
              </div>
              <div
                class="single_operand"
              >
                <div
                  class="ele"
                >
                  <div
                    class="wrapper small"
                  >
                    <input
                      data-testid="arguments"
                      name="arguments"
                      placeholder=""
                      value=""
                    />
                  </div>
                </div>
              </div>
              <div
                class="categorize_as"
                data-draggable="true"
              >
                categorize as
              </div>
              <div
                class="category"
              >
                <div
                  class="ele"
                >
                  <div
                    class="wrapper small"
                  >
                    <input
                      data-testid="Exit Name"
                      name="Exit Name"
                      value=""
                    />
                  </div>
                </div>
              </div>
              <div
                class="remove_icon"
              >
                <temba-icon
                  data-testid="remove-case-1e47a1e1-3c67-4df5-adf1-da542c789adb"
                  name="delete_small"
                />
              </div>
            </div>
          </div>
        </div>
      </div>
    </div>
  </div>
  <temba-store />
</body>
`;

exports[`CaseList updates changes default operator on add 1`] = `
<body>
  <temba-store />
  <temba-store />
  <temba-store />
  <temba-store />
  <div>
    <div
      class="case_list_container "
      tabindex="0"
    >
      <div
        class="case_list"
      >
        <div
          class="kase case_list_case"
        >
          <div
            class="ele group"
          >
            <div
              class="kase has_number_gt"
              data-draggable="true"
            >
              <temba-icon
                class="dnd_icon"
                data-draggable="true"
                name="sort"
              />
              <div
                class="choice"
              >
                <div
                  class="small "
                >
                  <temba-select
                    data-testid="temba_select_operator"
                    errors="[]"
                    expressions=""
                    name="operator"
                    namekey="verboseName"
                    valuekey="type"
                    values="[{\\"type\\":\\"has_number_gt\\",\\"verboseName\\":\\"has a number above\\",\\"operands\\":1}]"
                  />
                </div>
              </div>
              <div
                class="single_operand"
              >
                <div
                  class="ele"
                >
                  <div
                    class="wrapper small"
                  >
                    <input
                      data-testid="arguments"
                      name="arguments"
                      placeholder=""
                      value="42"
                    />
                  </div>
                </div>
              </div>
              <div
                class="categorize_as"
                data-draggable="true"
              >
                categorize as
              </div>
              <div
                class="category"
              >
                <div
                  class="ele"
                >
                  <div
                    class="wrapper small"
                  >
                    <input
                      data-testid="Exit Name"
                      name="Exit Name"
                      value=">42"
                    />
                  </div>
                </div>
              </div>
              <div
                class="remove_icon"
              >
                <temba-icon
                  data-testid="remove-case-132de855-4042-4dc1-a18f-cc2e6a8f790a"
                  name="delete_small"
                />
              </div>
            </div>
          </div>
        </div>
        <div
          class="kase case_list_case"
        >
          <div
            class="ele group"
          >
            <div
              class="kase has_number_gt"
              data-draggable="true"
            >
              <temba-icon
                class="dnd_icon"
                data-draggable="true"
                name="sort"
              />
              <div
                class="choice"
              >
                <div
                  class="small "
                >
                  <temba-select
                    data-testid="temba_select_operator"
                    errors="[]"
                    expressions=""
                    name="operator"
                    namekey="verboseName"
                    valuekey="type"
                    values="[{\\"type\\":\\"has_number_gt\\",\\"verboseName\\":\\"has a number above\\",\\"operands\\":1}]"
                  />
                </div>
              </div>
              <div
                class="single_operand"
              >
                <div
                  class="ele"
                >
                  <div
                    class="wrapper small"
                  >
                    <input
                      data-testid="arguments"
                      name="arguments"
                      placeholder=""
                      value=""
                    />
                  </div>
                </div>
              </div>
              <div
                class="categorize_as"
                data-draggable="true"
              >
                categorize as
              </div>
              <div
                class="category"
              >
                <div
                  class="ele"
                >
                  <div
                    class="wrapper small"
                  >
                    <input
                      data-testid="Exit Name"
                      name="Exit Name"
                      value=""
                    />
                  </div>
                </div>
              </div>
              <div
                class="remove_icon"
              >
                <temba-icon
                  data-testid="remove-case-2dc85899-0577-4f1b-a620-f12094e34b5e"
                  name="delete_small"
                />
              </div>
            </div>
          </div>
        </div>
      </div>
    </div>
  </div>
  <temba-store />
</body>
`;

exports[`CaseList updates should remove cases 1`] = `
<body>
  <temba-store />
  <temba-store />
  <div>
    <div
      class="case_list_container "
      tabindex="0"
    >
      <div
        class="case_list"
      >
        <div
          class="kase case_list_case"
        >
          <div
            class="ele group"
          >
            <div
              class="kase has_any_word"
              data-draggable="true"
            >
              <temba-icon
                class="dnd_icon"
                data-draggable="true"
                name="sort"
              />
              <div
                class="choice"
              >
                <div
                  class="small "
                >
                  <temba-select
                    data-testid="temba_select_operator"
                    errors="[]"
                    expressions=""
                    name="operator"
                    namekey="verboseName"
                    valuekey="type"
                    values="[{\\"type\\":\\"has_any_word\\",\\"verboseName\\":\\"has any of the words\\",\\"operands\\":1}]"
                  />
                </div>
              </div>
              <div
                class="single_operand"
              >
                <div
                  class="ele"
                >
                  <div
                    class="wrapper small"
                  >
                    <input
                      data-testid="arguments"
                      name="arguments"
                      placeholder=""
                      value="Green, g"
                    />
                  </div>
                </div>
              </div>
              <div
                class="categorize_as"
                data-draggable="true"
              >
                categorize as
              </div>
              <div
                class="category"
              >
                <div
                  class="ele"
                >
                  <div
                    class="wrapper small"
                  >
                    <input
                      data-testid="Exit Name"
                      name="Exit Name"
                      value="Green"
                    />
                  </div>
                </div>
              </div>
              <div
                class="remove_icon"
              >
                <temba-icon
                  data-testid="remove-case-061fc171-8b79-4636-b892-bd0ea5aa9b42"
                  name="delete_small"
                />
              </div>
            </div>
          </div>
        </div>
        <div
          class="kase case_list_case"
        >
          <div
            class="ele group"
          >
            <div
              class="kase has_only_phrase"
              data-draggable="true"
            >
              <temba-icon
                class="dnd_icon"
                data-draggable="true"
                name="sort"
              />
              <div
                class="choice"
              >
                <div
                  class="small "
                >
                  <temba-select
                    data-testid="temba_select_operator"
                    errors="[]"
                    expressions=""
                    name="operator"
                    namekey="verboseName"
                    valuekey="type"
                    values="[{\\"type\\":\\"has_only_phrase\\",\\"verboseName\\":\\"has only the phrase\\",\\"operands\\":1}]"
                  />
                </div>
              </div>
              <div
                class="single_operand"
              >
                <div
                  class="ele"
                >
                  <div
                    class="wrapper small"
                  >
                    <input
                      data-testid="arguments"
                      name="arguments"
                      placeholder=""
                      value=""
                    />
                  </div>
                </div>
              </div>
              <div
                class="categorize_as"
                data-draggable="true"
              >
                categorize as
              </div>
              <div
                class="category"
              >
                <div
                  class="ele"
                >
                  <div
                    class="wrapper small"
                  >
                    <input
                      data-testid="Exit Name"
                      name="Exit Name"
                      value=""
                    />
                  </div>
                </div>
              </div>
              <div
                class="remove_icon"
              >
                <temba-icon
                  data-testid="remove-case-1e47a1e1-3c67-4df5-adf1-da542c789adb"
                  name="delete_small"
                />
              </div>
            </div>
          </div>
        </div>
      </div>
    </div>
  </div>
  <temba-store />
</body>
`;

exports[`CaseList updates should update cases 1`] = `
<body>
  <temba-store />
  <temba-store />
  <temba-store />
  <div>
    <div
      class="case_list_container "
      tabindex="0"
    >
      <div
        class="case_list"
      >
        <div
          class="kase case_list_case"
        >
          <div
            class="ele group"
          >
            <div
              class="kase has_any_word"
              data-draggable="true"
            >
              <temba-icon
                class="dnd_icon"
                data-draggable="true"
                name="sort"
              />
              <div
                class="choice"
              >
                <div
                  class="small "
                >
                  <temba-select
                    data-testid="temba_select_operator"
                    errors="[]"
                    expressions=""
                    name="operator"
                    namekey="verboseName"
                    valuekey="type"
                    values="[{\\"type\\":\\"has_any_word\\",\\"verboseName\\":\\"has any of the words\\",\\"operands\\":1}]"
                  />
                </div>
              </div>
              <div
                class="single_operand"
              >
                <div
                  class="ele"
                >
                  <div
                    class="wrapper small"
                  >
                    <input
                      data-testid="arguments"
                      name="arguments"
                      placeholder=""
                      value="Purple, p"
                    />
                  </div>
                </div>
              </div>
              <div
                class="categorize_as"
                data-draggable="true"
              >
                categorize as
              </div>
              <div
                class="category"
              >
                <div
                  class="ele"
                >
                  <div
                    class="wrapper small"
                  >
                    <input
                      data-testid="Exit Name"
                      name="Exit Name"
                      value="Red"
                    />
                  </div>
                </div>
              </div>
              <div
                class="remove_icon"
              >
                <temba-icon
                  data-testid="remove-case-b1f332f3-bdd3-4891-aec5-1843a712dbf1"
                  name="delete_small"
                />
              </div>
            </div>
          </div>
        </div>
        <div
          class="kase case_list_case"
        >
          <div
            class="ele group"
          >
            <div
              class="kase has_any_word"
              data-draggable="true"
            >
              <temba-icon
                class="dnd_icon"
                data-draggable="true"
                name="sort"
              />
              <div
                class="choice"
              >
                <div
                  class="small "
                >
                  <temba-select
                    data-testid="temba_select_operator"
                    errors="[]"
                    expressions=""
                    name="operator"
                    namekey="verboseName"
                    valuekey="type"
                    values="[{\\"type\\":\\"has_any_word\\",\\"verboseName\\":\\"has any of the words\\",\\"operands\\":1}]"
                  />
                </div>
              </div>
              <div
                class="single_operand"
              >
                <div
                  class="ele"
                >
                  <div
                    class="wrapper small"
                  >
                    <input
                      data-testid="arguments"
                      name="arguments"
                      placeholder=""
                      value="Green, g"
                    />
                  </div>
                </div>
              </div>
              <div
                class="categorize_as"
                data-draggable="true"
              >
                categorize as
              </div>
              <div
                class="category"
              >
                <div
                  class="ele"
                >
                  <div
                    class="wrapper small"
                  >
                    <input
                      data-testid="Exit Name"
                      name="Exit Name"
                      value="Green"
                    />
                  </div>
                </div>
              </div>
              <div
                class="remove_icon"
              >
                <temba-icon
                  data-testid="remove-case-061fc171-8b79-4636-b892-bd0ea5aa9b42"
                  name="delete_small"
                />
              </div>
            </div>
          </div>
        </div>
        <div
          class="kase case_list_case"
        >
          <div
            class="ele group"
          >
            <div
              class="kase has_only_phrase"
              data-draggable="true"
            >
              <temba-icon
                class="dnd_icon"
                data-draggable="true"
                name="sort"
              />
              <div
                class="choice"
              >
                <div
                  class="small "
                >
                  <temba-select
                    data-testid="temba_select_operator"
                    errors="[]"
                    expressions=""
                    name="operator"
                    namekey="verboseName"
                    valuekey="type"
                    values="[{\\"type\\":\\"has_only_phrase\\",\\"verboseName\\":\\"has only the phrase\\",\\"operands\\":1}]"
                  />
                </div>
              </div>
              <div
                class="single_operand"
              >
                <div
                  class="ele"
                >
                  <div
                    class="wrapper small"
                  >
                    <input
                      data-testid="arguments"
                      name="arguments"
                      placeholder=""
                      value=""
                    />
                  </div>
                </div>
              </div>
              <div
                class="categorize_as"
                data-draggable="true"
              >
                categorize as
              </div>
              <div
                class="category"
              >
                <div
                  class="ele"
                >
                  <div
                    class="wrapper small"
                  >
                    <input
                      data-testid="Exit Name"
                      name="Exit Name"
                      value=""
                    />
                  </div>
                </div>
              </div>
              <div
                class="remove_icon"
              >
                <temba-icon
                  data-testid="remove-case-1e47a1e1-3c67-4df5-adf1-da542c789adb"
                  name="delete_small"
                />
              </div>
            </div>
          </div>
        </div>
      </div>
    </div>
  </div>
  <temba-store />
</body>
`;
